[
  {
    "number": 31,
    "tool": "CodeQL",
    "rule_id": "py/log-injection",
    "rule_name": "py/log-injection",
    "severity": "medium",
    "created_at": "2026-08-11T20:55:10Z",
    "updated_at": "2026-08-25T06:04:46Z",
    "url": "https://github.com/Avkroken/produkter/security/code-scanning/31",
    "ref": "refs/heads/main",
    "category": "/language:python",
    "file": "app.py",
    "start_line": 458,
    "end_line": 458
  },
  {
    "number": 58,
    "tool": "CodeQL",
    "rule_id": "py/partial-ssrf",
    "rule_name": "py/partial-ssrf",
    "severity": "critical",
    "created_at": "2026-08-25T06:04:46Z",
    "updated_at": "2026-08-25T06:04:46Z",
    "url": "https://github.com/Avkroken/produkter/security/code-scanning/58",
    "ref": "refs/heads/main",
    "category": "/language:python",
    "file": "scraper/webui/app.py",
    "start_line": 93,
    "end_line": 93
  },
  {
    "number": 59,
    "tool": "CodeQL",
    "rule_id": "py/partial-ssrf",
    "rule_name": "py/partial-ssrf",
    "severity": "critical",
    "created_at": "2026-08-25T06:04:46Z",
    "updated_at": "2026-08-25T06:04:46Z",
    "url": "https://github.com/Avkroken/produkter/security/code-scanning/59",
    "ref": "refs/heads/main",
    "category": "/language:python",
    "file": "scraper/webui/app.py",
    "start_line": 121,
    "end_line": 121
  },
  {
    "number": 60,
    "tool": "CodeQL",
    "rule_id": "py/log-injection",
    "rule_name": "py/log-injection",
    "severity": "medium",
    "created_at": "2026-08-25T06:04:46Z",
    "updated_at": "2026-08-25T06:04:46Z",
    "url": "https://github.com/Avkroken/produkter/security/code-scanning/60",
    "ref": "refs/heads/main",
    "category": "/language:python",
    "file": "scraper/webui/app.py",
    "start_line": 36,
    "end_line": 36
  },
  {
    "number": 61,
    "tool": "CodeQL",
    "rule_id": "py/log-injection",
    "rule_name": "py/log-injection",
    "severity": "medium",
    "created_at": "2026-08-25T06:04:46Z",
    "updated_at": "2026-08-25T06:04:46Z",
    "url": "https://github.com/Avkroken/produkter/security/code-scanning/61",
    "ref": "refs/heads/main",
    "category": "/language:python",
    "file": "scraper/webui/app.py",
    "start_line": 36,
    "end_line": 36
  },
  {
    "number": 62,
    "tool": "CodeQL",
    "rule_id": "py/log-injection",
    "rule_name": "py/log-injection",
    "severity": "medium",
    "created_at": "2026-08-25T06:04:46Z",
    "updated_at": "2026-08-25T06:04:46Z",
    "url": "https://github.com/Avkroken/produkter/security/code-scanning/62",
    "ref": "refs/heads/main",
    "category": "/language:python",
    "file": "app.py",
    "start_line": 78,
    "end_line": 78
  },
  {
    "number": 63,
    "tool": "CodeQL",
    "rule_id": "py/log-injection",
    "rule_name": "py/log-injection",
    "severity": "medium",
    "created_at": "2026-08-25T06:04:46Z",
    "updated_at": "2026-08-25T06:04:46Z",
    "url": "https://github.com/Avkroken/produkter/security/code-scanning/63",
    "ref": "refs/heads/main",
    "category": "/language:python",
    "file": "app.py",
    "start_line": 78,
    "end_line": 78
  },
  {
    "number": 64,
    "tool": "CodeQL",
    "rule_id": "py/log-injection",
    "rule_name": "py/log-injection",
    "severity": "medium",
    "created_at": "2026-08-25T06:04:46Z",
    "updated_at": "2026-08-25T06:04:46Z",
    "url": "https://github.com/Avkroken/produkter/security/code-scanning/64",
    "ref": "refs/heads/main",
    "category": "/language:python",
    "file": "scraper/scraper/scraper.py",
    "start_line": 42,
    "end_line": 42
  },
  {
    "number": 65,
    "tool": "CodeQL",
    "rule_id": "py/log-injection",
    "rule_name": "py/log-injection",
    "severity": "medium",
    "created_at": "2026-08-25T06:04:46Z",
    "updated_at": "2026-08-25T06:04:46Z",
    "url": "https://github.com/Avkroken/produkter/security/code-scanning/65",
    "ref": "refs/heads/main",
    "category": "/language:python",
    "file": "scraper/scraper/scraper.py",
    "start_line": 42,
    "end_line": 42
  }
]
